# 1.1 Install PowerShell 7   LOG



# 1. Enable scripts to be run


NO OUTPUT


# 2. Install the latest versions of Nuget and PowerShellGet

NO output...


# 3.  Ensure the C:\Foo Folder exists

No OUTPUT





# 4. Download PowerShell 7 installation script


No output


PS C:\Foo]> # 5. Viewing the installation script help
PS C:\Foo]> Get-Help -Name C:\Foo\Install-PowerShell.ps1
Install-PowerShell.ps1 [-Destination <string>] [-Daily] [-DoNotOverwrite] [-AddToPath] [-Preview] [<CommonParameters>]
Install-PowerShell.ps1 [-UseMSI] [-Quiet] [-AddExplorerContextMenu] [-EnablePSRemoting] [-Preview] [<CommonParameters>]




PS C:\Foo> # 6. Installing PowerShell 7
PS C:\Foo> $EXTHT = @{
             UseMSI                 = $true
             Quiet                  = $true 
             AddExplorerContextMenu = $true
             EnablePSRemoting       = $true
           }
PS C:\Foo> C:\Foo\Install-PowerShell.ps1 @EXTHT | Out-Null
VERBOSE: About to download package from
'https://github.com/PowerShell/PowerShell/releases/download/v7.1.0/PowerShell-7.1.0-win-x64.msi'


PS C:\Foo> # 7. Installing the preview and daily builds as well (for the adventurous)
PS C:\Foo> C:\Foo\Install-PowerShell.ps1 -Preview -Destination c:\PWSHPreview |
             Out-Null
VERBOSE: Destination: C:\PWSHPreview
VERBOSE: About to download package from 'https://github.com/PowerShell/PowerShell/releases/download/v7.2.0-preview.1/PowerShell-7.2.0'
PowerShell has been installed at C:\PSPreview

PS C:\Foo> C:\Foo\Install-PowerShell.ps1 -Daily   -Destination c:\PWSHDailyBuild |
             Out-Null
VERBOSE: Destination: C:\PWSHDaiylBuild
VERBOSE: About to download package from 'https://pscoretestdata.blob.core.windows.net/v7-2-0-daily-20201207/PowerShell-7.2.0-daily.20
201207-win-x64.zip'
PowerShell has been installed at C:\PWSHDailyBuild




# 8. Create Windows PowerShell default Profiles


no output




PS C:\Foo> # 9. Checking versions of PowerShell 7 loaded
PS C:\Foo> Get-ChildItem -Path C:\pwsh.exe -Recurse -ErrorAction SilentlyContinue


    Directory: C:\Program Files\PowerShell\7

Mode                 LastWriteTime         Length Name                                                                              
----                 -------------         ------ ----                                                                              
-a----        06/11/2020     02:33         280456 pwsh.exe                                                                          


    Directory: C:\PSDailyBuild

Mode                 LastWriteTime         Length Name                                                                              
----                 -------------         ------ ----                                                                              
-a----        13/11/2020     01:08         269824 pwsh.exe                                                                          


    Directory: C:\PSPreview

Mode                 LastWriteTime         Length Name                                                                              
----                 -------------         ------ ----                                                                              
-a----        13/11/2020     20:03         274304 pwsh.exe 




PS C:\Foo> # 10. Updating help
PS C:\Foo> Update-Help -Force
Update-Help : Failed to update Help for the module(s) 'PSReadline' with UI culture(s) {en-US} : Unable to retrieve the HelpInfo XML 
file for UI culture en-US. Make sure the HelpInfoUri property in the module manifest is valid or check your network connection and 
then try the command again.
At line:2 char:1
+ Update-Help -Force
+ ~~~~~~~~~~~~~~~~~~
    + CategoryInfo          : ResourceUnavailable: (:) [Update-Help], Exception
    + FullyQualifiedErrorId : UnableToRetrieveHelpInfoXml,Microsoft.PowerShell.Commands.UpdateHelpCommand
 
Update-Help : Failed to update Help for the module(s) 'PlatformIdentifier' with UI culture(s) {en-US} : Unable to connect to Help 
content. The server on which Help content is stored might not be available. Verify that the server is available, or wait until the 
server is back online, and then try the command again.
At line:2 char:1
+ Update-Help -Force
+ ~~~~~~~~~~~~~~~~~~
    + CategoryInfo          : InvalidOperation: (:) [Update-Help], Exception
    + FullyQualifiedErrorId : UnableToConnect,Microsoft.PowerShell.Commands.UpdateHelpCommand

